------------------------------------------------------------
TimeQuest Timing Analyzer Summary
------------------------------------------------------------

Type  : Slow 1100mV 85C Model Setup 'CPU:cpu|RegisterBank:registerBank|RF[2][0]'
Slack : -50.110
TNS   : -99.937

Type  : Slow 1100mV 85C Model Setup 'CPU:cpu|RegisterBank:registerBank|RF[2][10]'
Slack : -46.126
TNS   : -132.326

Type  : Slow 1100mV 85C Model Setup 'CPU:cpu|PipeDE:pipeDE|CodigoALUTMP[0]'
Slack : -8.070
TNS   : -15.032

Type  : Slow 1100mV 85C Model Setup 'clock_divider:DIV1|divcounter[15]'
Slack : -5.775
TNS   : -16579.336

Type  : Slow 1100mV 85C Model Setup 'clk'
Slack : -5.305
TNS   : -84.612

Type  : Slow 1100mV 85C Model Hold 'CPU:cpu|RegisterBank:registerBank|RF[2][10]'
Slack : -18.917
TNS   : -53.425

Type  : Slow 1100mV 85C Model Hold 'CPU:cpu|RegisterBank:registerBank|RF[2][0]'
Slack : -3.221
TNS   : -6.253

Type  : Slow 1100mV 85C Model Hold 'CPU:cpu|PipeDE:pipeDE|CodigoALUTMP[0]'
Slack : -0.985
TNS   : -0.985

Type  : Slow 1100mV 85C Model Hold 'clk'
Slack : -0.608
TNS   : -0.608

Type  : Slow 1100mV 85C Model Hold 'clock_divider:DIV1|divcounter[15]'
Slack : -0.018
TNS   : -0.018

Type  : Slow 1100mV 85C Model Minimum Pulse Width 'CPU:cpu|RegisterBank:registerBank|RF[2][10]'
Slack : -13.474
TNS   : -34324.589

Type  : Slow 1100mV 85C Model Minimum Pulse Width 'clock_divider:DIV1|divcounter[15]'
Slack : -2.174
TNS   : -14804.477

Type  : Slow 1100mV 85C Model Minimum Pulse Width 'CPU:cpu|RegisterBank:registerBank|RF[2][0]'
Slack : -1.875
TNS   : -67.619

Type  : Slow 1100mV 85C Model Minimum Pulse Width 'clk'
Slack : -0.426
TNS   : -8.605

Type  : Slow 1100mV 85C Model Minimum Pulse Width 'CPU:cpu|PipeDE:pipeDE|CodigoALUTMP[0]'
Slack : 0.161
TNS   : 0.000

Type  : Slow 1100mV 0C Model Setup 'CPU:cpu|RegisterBank:registerBank|RF[2][0]'
Slack : -52.358
TNS   : -104.670

Type  : Slow 1100mV 0C Model Setup 'CPU:cpu|RegisterBank:registerBank|RF[2][10]'
Slack : -48.677
TNS   : -138.757

Type  : Slow 1100mV 0C Model Setup 'CPU:cpu|PipeDE:pipeDE|CodigoALUTMP[0]'
Slack : -7.904
TNS   : -14.675

Type  : Slow 1100mV 0C Model Setup 'clock_divider:DIV1|divcounter[15]'
Slack : -5.544
TNS   : -15552.380

Type  : Slow 1100mV 0C Model Setup 'clk'
Slack : -5.117
TNS   : -81.551

Type  : Slow 1100mV 0C Model Hold 'CPU:cpu|RegisterBank:registerBank|RF[2][10]'
Slack : -19.912
TNS   : -55.863

Type  : Slow 1100mV 0C Model Hold 'CPU:cpu|RegisterBank:registerBank|RF[2][0]'
Slack : -3.315
TNS   : -6.443

Type  : Slow 1100mV 0C Model Hold 'CPU:cpu|PipeDE:pipeDE|CodigoALUTMP[0]'
Slack : -1.009
TNS   : -1.009

Type  : Slow 1100mV 0C Model Hold 'clk'
Slack : -0.597
TNS   : -2.642

Type  : Slow 1100mV 0C Model Hold 'clock_divider:DIV1|divcounter[15]'
Slack : 0.046
TNS   : 0.000

Type  : Slow 1100mV 0C Model Minimum Pulse Width 'CPU:cpu|RegisterBank:registerBank|RF[2][10]'
Slack : -14.673
TNS   : -36805.219

Type  : Slow 1100mV 0C Model Minimum Pulse Width 'clock_divider:DIV1|divcounter[15]'
Slack : -2.174
TNS   : -14756.458

Type  : Slow 1100mV 0C Model Minimum Pulse Width 'CPU:cpu|RegisterBank:registerBank|RF[2][0]'
Slack : -1.952
TNS   : -71.706

Type  : Slow 1100mV 0C Model Minimum Pulse Width 'clk'
Slack : -0.467
TNS   : -9.274

Type  : Slow 1100mV 0C Model Minimum Pulse Width 'CPU:cpu|PipeDE:pipeDE|CodigoALUTMP[0]'
Slack : 0.198
TNS   : 0.000

Type  : Fast 1100mV 85C Model Setup 'CPU:cpu|RegisterBank:registerBank|RF[2][0]'
Slack : -25.084
TNS   : -49.806

Type  : Fast 1100mV 85C Model Setup 'CPU:cpu|RegisterBank:registerBank|RF[2][10]'
Slack : -23.062
TNS   : -67.509

Type  : Fast 1100mV 85C Model Setup 'CPU:cpu|PipeDE:pipeDE|CodigoALUTMP[0]'
Slack : -4.506
TNS   : -8.490

Type  : Fast 1100mV 85C Model Setup 'clock_divider:DIV1|divcounter[15]'
Slack : -3.833
TNS   : -9599.137

Type  : Fast 1100mV 85C Model Setup 'clk'
Slack : -3.149
TNS   : -50.295

Type  : Fast 1100mV 85C Model Hold 'CPU:cpu|RegisterBank:registerBank|RF[2][10]'
Slack : -9.577
TNS   : -27.591

Type  : Fast 1100mV 85C Model Hold 'CPU:cpu|RegisterBank:registerBank|RF[2][0]'
Slack : -1.685
TNS   : -3.183

Type  : Fast 1100mV 85C Model Hold 'CPU:cpu|PipeDE:pipeDE|CodigoALUTMP[0]'
Slack : -0.692
TNS   : -0.692

Type  : Fast 1100mV 85C Model Hold 'clk'
Slack : -0.314
TNS   : -0.314

Type  : Fast 1100mV 85C Model Hold 'clock_divider:DIV1|divcounter[15]'
Slack : -0.091
TNS   : -0.110

Type  : Fast 1100mV 85C Model Minimum Pulse Width 'CPU:cpu|RegisterBank:registerBank|RF[2][10]'
Slack : -6.553
TNS   : -15204.873

Type  : Fast 1100mV 85C Model Minimum Pulse Width 'clock_divider:DIV1|divcounter[15]'
Slack : -2.174
TNS   : -13973.843

Type  : Fast 1100mV 85C Model Minimum Pulse Width 'CPU:cpu|RegisterBank:registerBank|RF[2][0]'
Slack : -0.788
TNS   : -20.555

Type  : Fast 1100mV 85C Model Minimum Pulse Width 'clk'
Slack : -0.465
TNS   : -1.830

Type  : Fast 1100mV 85C Model Minimum Pulse Width 'CPU:cpu|PipeDE:pipeDE|CodigoALUTMP[0]'
Slack : 0.153
TNS   : 0.000

Type  : Fast 1100mV 0C Model Setup 'CPU:cpu|RegisterBank:registerBank|RF[2][0]'
Slack : -23.592
TNS   : -47.145

Type  : Fast 1100mV 0C Model Setup 'CPU:cpu|RegisterBank:registerBank|RF[2][10]'
Slack : -21.734
TNS   : -64.164

Type  : Fast 1100mV 0C Model Setup 'CPU:cpu|PipeDE:pipeDE|CodigoALUTMP[0]'
Slack : -4.040
TNS   : -7.648

Type  : Fast 1100mV 0C Model Setup 'clock_divider:DIV1|divcounter[15]'
Slack : -3.222
TNS   : -8024.473

Type  : Fast 1100mV 0C Model Setup 'clk'
Slack : -2.770
TNS   : -43.323

Type  : Fast 1100mV 0C Model Hold 'CPU:cpu|RegisterBank:registerBank|RF[2][10]'
Slack : -8.950
TNS   : -26.041

Type  : Fast 1100mV 0C Model Hold 'CPU:cpu|RegisterBank:registerBank|RF[2][0]'
Slack : -1.572
TNS   : -3.001

Type  : Fast 1100mV 0C Model Hold 'CPU:cpu|PipeDE:pipeDE|CodigoALUTMP[0]'
Slack : -0.617
TNS   : -0.617

Type  : Fast 1100mV 0C Model Hold 'clk'
Slack : -0.381
TNS   : -2.495

Type  : Fast 1100mV 0C Model Hold 'clock_divider:DIV1|divcounter[15]'
Slack : -0.092
TNS   : -0.135

Type  : Fast 1100mV 0C Model Minimum Pulse Width 'CPU:cpu|RegisterBank:registerBank|RF[2][10]'
Slack : -6.117
TNS   : -14500.597

Type  : Fast 1100mV 0C Model Minimum Pulse Width 'clock_divider:DIV1|divcounter[15]'
Slack : -2.174
TNS   : -13883.792

Type  : Fast 1100mV 0C Model Minimum Pulse Width 'CPU:cpu|RegisterBank:registerBank|RF[2][0]'
Slack : -0.701
TNS   : -17.975

Type  : Fast 1100mV 0C Model Minimum Pulse Width 'clk'
Slack : -0.483
TNS   : -1.891

Type  : Fast 1100mV 0C Model Minimum Pulse Width 'CPU:cpu|PipeDE:pipeDE|CodigoALUTMP[0]'
Slack : 0.228
TNS   : 0.000

------------------------------------------------------------
