------------------------------------------------------------
TimeQuest Timing Analyzer Summary
------------------------------------------------------------

Type  : Slow 1100mV 85C Model Setup 'CPU:cpu|RegisterBank:registerBank|RF[2][0]'
Slack : -68.425
TNS   : -739.442

Type  : Slow 1100mV 85C Model Setup 'CPU:cpu|RegisterBank:registerBank|RF[2][10]'
Slack : -65.129
TNS   : -1082.651

Type  : Slow 1100mV 85C Model Setup 'CPU:cpu|PipeDE:pipeDE|CodigoALUTMP[0]'
Slack : -7.950
TNS   : -14.534

Type  : Slow 1100mV 85C Model Setup 'clock_divider:DIV1|divcounter[15]'
Slack : -6.058
TNS   : -17301.107

Type  : Slow 1100mV 85C Model Setup 'clk'
Slack : -4.657
TNS   : -64.119

Type  : Slow 1100mV 85C Model Hold 'CPU:cpu|RegisterBank:registerBank|RF[2][10]'
Slack : -19.512
TNS   : -339.498

Type  : Slow 1100mV 85C Model Hold 'CPU:cpu|RegisterBank:registerBank|RF[2][0]'
Slack : -4.518
TNS   : -44.036

Type  : Slow 1100mV 85C Model Hold 'clock_divider:DIV1|divcounter[15]'
Slack : -0.515
TNS   : -0.515

Type  : Slow 1100mV 85C Model Hold 'CPU:cpu|PipeDE:pipeDE|CodigoALUTMP[0]'
Slack : -0.261
TNS   : -0.261

Type  : Slow 1100mV 85C Model Hold 'clk'
Slack : 0.381
TNS   : 0.000

Type  : Slow 1100mV 85C Model Minimum Pulse Width 'CPU:cpu|RegisterBank:registerBank|RF[2][10]'
Slack : -14.201
TNS   : -36638.885

Type  : Slow 1100mV 85C Model Minimum Pulse Width 'CPU:cpu|RegisterBank:registerBank|RF[2][0]'
Slack : -2.459
TNS   : -224.284

Type  : Slow 1100mV 85C Model Minimum Pulse Width 'clock_divider:DIV1|divcounter[15]'
Slack : -2.174
TNS   : -14872.963

Type  : Slow 1100mV 85C Model Minimum Pulse Width 'clk'
Slack : -0.502
TNS   : -8.643

Type  : Slow 1100mV 85C Model Minimum Pulse Width 'CPU:cpu|PipeDE:pipeDE|CodigoALUTMP[0]'
Slack : 0.237
TNS   : 0.000

Type  : Slow 1100mV 0C Model Setup 'CPU:cpu|RegisterBank:registerBank|RF[2][0]'
Slack : -69.998
TNS   : -770.719

Type  : Slow 1100mV 0C Model Setup 'CPU:cpu|RegisterBank:registerBank|RF[2][10]'
Slack : -66.699
TNS   : -1117.268

Type  : Slow 1100mV 0C Model Setup 'CPU:cpu|PipeDE:pipeDE|CodigoALUTMP[0]'
Slack : -7.778
TNS   : -14.272

Type  : Slow 1100mV 0C Model Setup 'clock_divider:DIV1|divcounter[15]'
Slack : -5.891
TNS   : -16275.116

Type  : Slow 1100mV 0C Model Setup 'clk'
Slack : -4.760
TNS   : -62.535

Type  : Slow 1100mV 0C Model Hold 'CPU:cpu|RegisterBank:registerBank|RF[2][10]'
Slack : -20.596
TNS   : -358.373

Type  : Slow 1100mV 0C Model Hold 'CPU:cpu|RegisterBank:registerBank|RF[2][0]'
Slack : -4.630
TNS   : -45.440

Type  : Slow 1100mV 0C Model Hold 'clock_divider:DIV1|divcounter[15]'
Slack : -0.484
TNS   : -0.484

Type  : Slow 1100mV 0C Model Hold 'CPU:cpu|PipeDE:pipeDE|CodigoALUTMP[0]'
Slack : -0.362
TNS   : -0.362

Type  : Slow 1100mV 0C Model Hold 'clk'
Slack : 0.380
TNS   : 0.000

Type  : Slow 1100mV 0C Model Minimum Pulse Width 'CPU:cpu|RegisterBank:registerBank|RF[2][10]'
Slack : -15.099
TNS   : -39108.595

Type  : Slow 1100mV 0C Model Minimum Pulse Width 'CPU:cpu|RegisterBank:registerBank|RF[2][0]'
Slack : -2.480
TNS   : -229.945

Type  : Slow 1100mV 0C Model Minimum Pulse Width 'clock_divider:DIV1|divcounter[15]'
Slack : -2.174
TNS   : -14808.774

Type  : Slow 1100mV 0C Model Minimum Pulse Width 'clk'
Slack : -0.515
TNS   : -9.252

Type  : Slow 1100mV 0C Model Minimum Pulse Width 'CPU:cpu|PipeDE:pipeDE|CodigoALUTMP[0]'
Slack : 0.231
TNS   : 0.000

Type  : Fast 1100mV 85C Model Setup 'CPU:cpu|RegisterBank:registerBank|RF[2][0]'
Slack : -37.993
TNS   : -374.831

Type  : Fast 1100mV 85C Model Setup 'CPU:cpu|RegisterBank:registerBank|RF[2][10]'
Slack : -36.292
TNS   : -586.528

Type  : Fast 1100mV 85C Model Setup 'CPU:cpu|PipeDE:pipeDE|CodigoALUTMP[0]'
Slack : -4.470
TNS   : -8.318

Type  : Fast 1100mV 85C Model Setup 'clock_divider:DIV1|divcounter[15]'
Slack : -3.664
TNS   : -9870.639

Type  : Fast 1100mV 85C Model Setup 'clk'
Slack : -2.900
TNS   : -35.458

Type  : Fast 1100mV 85C Model Hold 'CPU:cpu|RegisterBank:registerBank|RF[2][10]'
Slack : -9.644
TNS   : -172.106

Type  : Fast 1100mV 85C Model Hold 'CPU:cpu|RegisterBank:registerBank|RF[2][0]'
Slack : -2.577
TNS   : -23.952

Type  : Fast 1100mV 85C Model Hold 'clock_divider:DIV1|divcounter[15]'
Slack : -0.413
TNS   : -0.415

Type  : Fast 1100mV 85C Model Hold 'CPU:cpu|PipeDE:pipeDE|CodigoALUTMP[0]'
Slack : -0.199
TNS   : -0.199

Type  : Fast 1100mV 85C Model Hold 'clk'
Slack : 0.202
TNS   : 0.000

Type  : Fast 1100mV 85C Model Minimum Pulse Width 'CPU:cpu|RegisterBank:registerBank|RF[2][10]'
Slack : -6.863
TNS   : -16871.419

Type  : Fast 1100mV 85C Model Minimum Pulse Width 'clock_divider:DIV1|divcounter[15]'
Slack : -2.174
TNS   : -14033.236

Type  : Fast 1100mV 85C Model Minimum Pulse Width 'CPU:cpu|RegisterBank:registerBank|RF[2][0]'
Slack : -1.257
TNS   : -89.971

Type  : Fast 1100mV 85C Model Minimum Pulse Width 'clk'
Slack : -0.507
TNS   : -1.987

Type  : Fast 1100mV 85C Model Minimum Pulse Width 'CPU:cpu|PipeDE:pipeDE|CodigoALUTMP[0]'
Slack : 0.234
TNS   : 0.000

Type  : Fast 1100mV 0C Model Setup 'CPU:cpu|RegisterBank:registerBank|RF[2][0]'
Slack : -34.956
TNS   : -353.069

Type  : Fast 1100mV 0C Model Setup 'CPU:cpu|RegisterBank:registerBank|RF[2][10]'
Slack : -33.368
TNS   : -547.077

Type  : Fast 1100mV 0C Model Setup 'CPU:cpu|PipeDE:pipeDE|CodigoALUTMP[0]'
Slack : -4.001
TNS   : -7.397

Type  : Fast 1100mV 0C Model Setup 'clock_divider:DIV1|divcounter[15]'
Slack : -3.284
TNS   : -8314.301

Type  : Fast 1100mV 0C Model Setup 'clk'
Slack : -2.477
TNS   : -30.190

Type  : Fast 1100mV 0C Model Hold 'CPU:cpu|RegisterBank:registerBank|RF[2][10]'
Slack : -9.200
TNS   : -165.126

Type  : Fast 1100mV 0C Model Hold 'CPU:cpu|RegisterBank:registerBank|RF[2][0]'
Slack : -2.349
TNS   : -21.962

Type  : Fast 1100mV 0C Model Hold 'clock_divider:DIV1|divcounter[15]'
Slack : -0.400
TNS   : -0.412

Type  : Fast 1100mV 0C Model Hold 'CPU:cpu|PipeDE:pipeDE|CodigoALUTMP[0]'
Slack : -0.190
TNS   : -0.190

Type  : Fast 1100mV 0C Model Hold 'clk'
Slack : 0.152
TNS   : 0.000

Type  : Fast 1100mV 0C Model Minimum Pulse Width 'CPU:cpu|RegisterBank:registerBank|RF[2][10]'
Slack : -6.392
TNS   : -15987.955

Type  : Fast 1100mV 0C Model Minimum Pulse Width 'clock_divider:DIV1|divcounter[15]'
Slack : -2.174
TNS   : -13927.731

Type  : Fast 1100mV 0C Model Minimum Pulse Width 'CPU:cpu|RegisterBank:registerBank|RF[2][0]'
Slack : -1.066
TNS   : -76.785

Type  : Fast 1100mV 0C Model Minimum Pulse Width 'clk'
Slack : -0.505
TNS   : -1.976

Type  : Fast 1100mV 0C Model Minimum Pulse Width 'CPU:cpu|PipeDE:pipeDE|CodigoALUTMP[0]'
Slack : 0.278
TNS   : 0.000

------------------------------------------------------------
